Type checking web package...
cd web && npm run typecheck

> nodetool@0.6.3-rc.5 typecheck
> tsc --noEmit

src/hooks/__tests__/useRunningJobs.test.tsx(31,5): error TS2741: Property 'is_resumable' is missing in type '{ id: string; user_id: string; job_type: string; workflow_id: string; status: string; }' but required in type '{ id: string; user_id: string; job_type: string; status: string | null; workflow_id: string; started_at?: string | null | undefined; finished_at?: string | null | undefined; error?: string | null | undefined; ... 5 more ...; is_resumable: boolean; }'.
src/hooks/__tests__/useRunningJobs.test.tsx(38,5): error TS2741: Property 'is_resumable' is missing in type '{ id: string; user_id: string; job_type: string; workflow_id: string; status: string; }' but required in type '{ id: string; user_id: string; job_type: string; status: string | null; workflow_id: string; started_at?: string | null | undefined; finished_at?: string | null | undefined; error?: string | null | undefined; ... 5 more ...; is_resumable: boolean; }'.
src/hooks/__tests__/useRunningJobs.test.tsx(45,5): error TS2741: Property 'is_resumable' is missing in type '{ id: string; user_id: string; job_type: string; workflow_id: string; status: string; }' but required in type '{ id: string; user_id: string; job_type: string; status: string | null; workflow_id: string; started_at?: string | null | undefined; finished_at?: string | null | undefined; error?: string | null | undefined; ... 5 more ...; is_resumable: boolean; }'.
src/hooks/__tests__/useRunningJobs.test.tsx(96,73): error TS2345: Argument of type 'string | null' is not assignable to parameter of type 'string'.
  Type 'null' is not assignable to type 'string'.
src/stores/ApiTypes.ts(138,55): error TS2339: Property 'FileInfo' does not exist on type '{ ASRModel: { type: "asr_model"; provider: "local" | "aime" | "openai" | "openrouter" | "anthropic" | "cerebras" | "minimax" | "replicate" | "ollama" | "lmstudio" | "kie" | "comfy_local" | ... 26 more ... | "huggingface_zai"; id: string; name: string; path?: string | ... 1 more ... | undefined; }; ... 222 more ...; ...'.
make: *** [Makefile:147: typecheck-web] Error 2
